// Jest Snapshot v1, https://goo.gl/fbAQLP

exports[`<PlalistDetail /> should render playlist correctly 1`] = `<div />`;
