// Jest Snapshot v1, https://goo.gl/fbAQLP

exports[`<Button /> should render button correctly 1`] = `
.c0 {
  background: none;
  color: inherit;
  border: none;
  padding: 0.5rem;
  font: inherit;
  cursor: pointer;
  outline: inherit;
}

<div>
  <button
    class="c0"
  >
    Click me!
  </button>
</div>
`;
