// Jest Snapshot v1, https://goo.gl/fbAQLP

exports[`<Track /> should render correctly 1`] = `
.c3 {
  display: flex;
  align-items: center;
  border-radius: 0.5rem;
  padding: 1rem;
  flex-direction: column;
  transition: transform 0.45s;
}

.c3:hover {
  background-color: rgba(0, 0, 0, 0.2);
}

.c4 {
  background: none;
  color: inherit;
  border: none;
  padding: 0;
  font: inherit;
  cursor: pointer;
  outline: inherit;
}

.c7 {
  text-align: left;
  color: #EEF1EF;
  font-size: 1.3rem;
  align-self: flex-start;
  margin: 0;
  padding: 0.3rem 0;
}

.c8 {
  text-align: left;
  color: #A9B4C2;
  font-size: 1rem;
  align-self: flex-start;
  margin: 0;
}

.c5 {
  border-radius: 0.5rem;
  height: 10rem;
}

.c6 {
  display: flex;
  flex-direction: column;
  justify-content: space-between;
  padding: 0.9rem 0;
}

.c0 {
  color: #EEF1EF;
  font-size: 1.5rem;
}

.c1 {
  display: flex;
}

.c2 {
  display: flex;
  flex-direction: column;
}

<div>
  <h1
    class="c0"
  >
    Some awsome track
  </h1>
  <div
    class="c1"
  >
    <div
      class="c2"
    >
      <div
        class="c3"
      >
        <button
          class="c4"
        >
          <img
            alt="Playlist Happy Hits! cover"
            class="c5"
            src="https://i.scdn.co/image/ab67706f00000002b55b6074da1d43715fc16d6d"
          />
          <div
            class="c6"
          >
            <h2
              class="c7"
            >
              Happy Hits!
            </h2>
            <h3
              class="c8"
            >
              some subtitle
            </h3>
          </div>
        </button>
      </div>
    </div>
  </div>
</div>
`;
