// Jest Snapshot v1, https://goo.gl/fbAQLP

exports[`<Logo> should render logo correctly 1`] = `
.c0 {
  background: none;
  color: inherit;
  border: none;
  padding: 0;
  font: inherit;
  cursor: pointer;
  outline: inherit;
  width: 50%;
  text-align: left;
}

.c1 {
  font-family: "Genty";
  font-size: 3vh;
  padding: 1.5vh;
  margin: 0;
}

<div>
  <button
    class="c0"
  >
    <h1
      class="c1"
    >
      MusicFy
    </h1>
  </button>
</div>
`;
