// Jest Snapshot v1, https://goo.gl/fbAQLP

exports[`<Home /> should render home correctly 1`] = `<div />`;
